[dataset] 108 stocks loaded, feature_set=close_only, seq_len=60, exec_lag=1
[dataset] X (276031, 60, 10) (662 MB), 2813 dates 2015-01-05..2026-07-22

===== LOOP_C_deep_2023 =====
[LOOP_C_deep_2023] [wf 1/7] 2023-01-03 train 162233 val_ic +0.0295 (304s elapsed)
[LOOP_C_deep_2023] [wf 2/7] 2023-07-20 train 174099 val_ic +0.0756 (487s elapsed)
[LOOP_C_deep_2023] [wf 3/7] 2024-01-19 train 186137 val_ic +0.0545 (629s elapsed)
[LOOP_C_deep_2023] [wf 4/7] 2024-08-02 train 198124 val_ic +0.0308 (768s elapsed)
[LOOP_C_deep_2023] [wf 5/7] 2025-02-13 train 210142 val_ic +0.0326 (927s elapsed)
[LOOP_C_deep_2023] [wf 6/7] 2025-08-15 train 222235 val_ic +0.0198 (1148s elapsed)
[LOOP_C_deep_2023] [wf 7/7] 2026-02-26 train 234230 val_ic +0.0831 (1353s elapsed)
LOOP_C_deep_2023 [long_short]      IC +0.0678 | net60 Sharpe  1.82 ann +50.19% dd -16.63% | net100  1.65 | turn 0.37 | maxW 10.0% | n 42
LOOP_C_deep_2023 [long_only]       IC +0.0678 | net60 Sharpe  1.88 ann +67.86% dd -27.75% | net100  1.81 | turn 0.34 | maxW 10.0% | n 42

===== LOOP_C_deep_2021 =====
[LOOP_C_deep_2021] [wf 1/11] 2021-01-04 train 115852 val_ic +0.1305 (149s elapsed)
[LOOP_C_deep_2021] [wf 2/11] 2021-07-15 train 127692 val_ic +0.1567 (254s elapsed)
[LOOP_C_deep_2021] [wf 3/11] 2022-01-13 train 139724 val_ic +0.0292 (483s elapsed)
[LOOP_C_deep_2021] [wf 4/11] 2022-07-26 train 151622 val_ic -0.0305 (722s elapsed)
[LOOP_C_deep_2021] [wf 5/11] 2023-02-02 train 163490 val_ic +0.0451 (1018s elapsed)
[LOOP_C_deep_2021] [wf 6/11] 2023-08-10 train 175464 val_ic +0.1144 (1259s elapsed)
[LOOP_C_deep_2021] [wf 7/11] 2024-02-19 train 187409 val_ic +0.0694 (1445s elapsed)
[LOOP_C_deep_2021] [wf 8/11] 2024-08-22 train 199512 val_ic +0.0403 (1576s elapsed)
[LOOP_C_deep_2021] [wf 9/11] 2025-03-06 train 211533 val_ic +0.0054 (1727s elapsed)
[LOOP_C_deep_2021] [wf 10/11] 2025-09-04 train 223500 val_ic +0.0162 (1911s elapsed)
[LOOP_C_deep_2021] [wf 11/11] 2026-03-19 train 235621 val_ic +0.1128 (2118s elapsed)
LOOP_C_deep_2021 [long_short]      IC +0.0415 | net60 Sharpe  1.13 ann +26.01% dd -13.99% | net100  0.92 | turn 0.42 | maxW 10.0% | n 67
LOOP_C_deep_2021 [long_only]       IC +0.0415 | net60 Sharpe  1.28 ann +40.09% dd -29.92% | net100  1.21 | turn 0.40 | maxW 10.0% | n 67

BATCH3 done
