[dataset] 108 stocks loaded, feature_set=close_only, seq_len=60, exec_lag=1
[dataset] X (276031, 60, 10) (662 MB), 2813 dates 2015-01-05..2026-07-22

===== LOOP_RL1_pairwise_2023 =====
[LOOP_RL1_pairwise_2023] [wf 1/7] 2023-01-03 train 162233 val_ic -0.0489 (194s elapsed)
[LOOP_RL1_pairwise_2023] [wf 2/7] 2023-07-20 train 174099 val_ic +0.0730 (429s elapsed)
[LOOP_RL1_pairwise_2023] [wf 3/7] 2024-01-19 train 186137 val_ic +0.0569 (617s elapsed)
[LOOP_RL1_pairwise_2023] [wf 4/7] 2024-08-02 train 198124 val_ic +0.0312 (802s elapsed)
[LOOP_RL1_pairwise_2023] [wf 5/7] 2025-02-13 train 210142 val_ic +0.0351 (997s elapsed)
[LOOP_RL1_pairwise_2023] [wf 6/7] 2025-08-15 train 222235 val_ic +0.0169 (1251s elapsed)
[LOOP_RL1_pairwise_2023] [wf 7/7] 2026-02-26 train 234230 val_ic +0.0859 (1661s elapsed)
LOOP_RL1_pairwise_2023 [long_short] IC +0.0696 | net60 Sharpe  1.80 ann +44.31% dd -12.87% | net100  1.64 | turn 0.34 | maxW 10.0% | n 42
LOOP_RL1_pairwise_2023 [long_only] IC +0.0696 | net60 Sharpe  1.76 ann +62.03% dd -28.24% | net100  1.71 | turn 0.32 | maxW 10.0% | n 42

===== LOOP_RL1_pairwise_2021 =====
[LOOP_RL1_pairwise_2021] [wf 1/11] 2021-01-04 train 115852 val_ic +0.1445 (243s elapsed)
[LOOP_RL1_pairwise_2021] [wf 2/11] 2021-07-15 train 127692 val_ic +0.1533 (368s elapsed)
[LOOP_RL1_pairwise_2021] [wf 3/11] 2022-01-13 train 139724 val_ic -0.0021 (623s elapsed)
[LOOP_RL1_pairwise_2021] [wf 4/11] 2022-07-26 train 151622 val_ic -0.0774 (763s elapsed)
[LOOP_RL1_pairwise_2021] [wf 5/11] 2023-02-02 train 163490 val_ic +0.0419 (1146s elapsed)
[LOOP_RL1_pairwise_2021] [wf 6/11] 2023-08-10 train 175464 val_ic +0.1005 (1473s elapsed)
[LOOP_RL1_pairwise_2021] [wf 7/11] 2024-02-19 train 187409 val_ic +0.0686 (1657s elapsed)
[LOOP_RL1_pairwise_2021] [wf 8/11] 2024-08-22 train 199512 val_ic +0.0411 (1841s elapsed)
[LOOP_RL1_pairwise_2021] [wf 9/11] 2025-03-06 train 211533 val_ic +0.0055 (2039s elapsed)
[LOOP_RL1_pairwise_2021] [wf 10/11] 2025-09-04 train 223500 val_ic +0.0159 (2312s elapsed)
[LOOP_RL1_pairwise_2021] [wf 11/11] 2026-03-19 train 235621 val_ic +0.0986 (2629s elapsed)
LOOP_RL1_pairwise_2021 [long_short] IC +0.0261 | net60 Sharpe  0.99 ann +25.97% dd -16.68% | net100  0.82 | turn 0.39 | maxW 10.0% | n 67
LOOP_RL1_pairwise_2021 [long_only] IC +0.0261 | net60 Sharpe  1.19 ann +39.02% dd -27.18% | net100  1.12 | turn 0.37 | maxW 10.0% | n 67

BATCH5 done
